// Jest Snapshot v1, https://goo.gl/fbAQLP

exports[`Input tests: renders correctly 1`] = `
<View
  style={
    Array [
      Object {
        "alignItems": "center",
        "backgroundColor": "#F0F4F8",
        "borderRadius": 6,
        "flexDirection": "row",
        "justifyContent": "center",
        "paddingHorizontal": 20,
        "width": "100%",
      },
      null,
    ]
  }
>
  <TextInput
    allowFontScaling={true}
    autoCompleteType="off"
    editable={true}
    maxLength={300}
    onBlur={[Function]}
    onChangeText={[Function]}
    onFocus={[Function]}
    placeholder=""
    rejectResponderTermination={true}
    secureTextEntry={false}
    style={
      Object {
        "color": "#A6BCD0",
        "fontFamily": "lato-regular",
        "fontSize": 16,
        "padding": 14,
        "width": "90%",
      }
    }
    underlineColorAndroid="transparent"
    value=""
  />
</View>
`;
