// Jest Snapshot v1, https://goo.gl/fbAQLP

exports[`Logo tests: renders correctly 1`] = `
<Image
  source={1}
  style={
    Array [
      Object {
        "resizeMode": "contain",
        "width": 120,
      },
      null,
    ]
  }
/>
`;
