// Jest Snapshot v1, https://goo.gl/fbAQLP

exports[`NormalText tests: renders correctly 1`] = `
<Text
  style={
    Array [
      Object {
        "color": "#A6BCD0",
        "fontFamily": "lato-regular",
        "fontSize": 16,
      },
      null,
    ]
  }
/>
`;
