// Jest Snapshot v1, https://goo.gl/fbAQLP

exports[`Button tests: renders correctly 1`] = `
<View
  accessible={true}
  focusable={true}
  isTVSelectable={true}
  onClick={[Function]}
  onResponderGrant={[Function]}
  onResponderMove={[Function]}
  onResponderRelease={[Function]}
  onResponderTerminate={[Function]}
  onResponderTerminationRequest={[Function]}
  onStartShouldSetResponder={[Function]}
  style={
    Object {
      "opacity": 1,
      "width": "100%",
    }
  }
>
  <View
    style={
      Array [
        Object {
          "alignItems": "center",
          "backgroundColor": "#01E096",
          "borderRadius": 60,
          "flexDirection": "row",
          "justifyContent": "center",
          "padding": 20,
          "width": "100%",
        },
        null,
        null,
      ]
    }
  >
    <Text
      style={
        Object {
          "color": "#ffffff",
          "fontFamily": "lato-regular",
          "fontSize": 16,
          "textTransform": "uppercase",
        }
      }
    >
      button
    </Text>
  </View>
</View>
`;
